
> dev
> tsx watch src/index.ts

[server] swept 1 stale mcc-* session(s)
[server] listening on :8083
[server] tmux session: agents
[Server] Content root: /Users/jeremylahners/.openclaw
[Server] Agents: isla, marcus, eli, remy, lena, val, nova, zara, jordan, enzo
[terminal] failed to attach to tmux window 'enzo': Error: Command failed: tmux select-window -t mcc-36675c24:enzo
can't find window: enzo

    at genericNodeError (node:internal/errors:998:15)
    at wrappedFn (node:internal/errors:543:14)
    at checkExecSyncError (node:child_process:925:11)
    at execFileSync (node:child_process:961:15)
    at TmuxRelay.attach (/Volumes/Repo-Drive/src/mcc-tmux/packages/server/src/services/tmux-relay.ts:64:5)
    at <anonymous> (/Volumes/Repo-Drive/src/mcc-tmux/packages/server/src/routes/terminal.ts:44:25)
    at WebSocketServer.completeUpgrade (/Volumes/Repo-Drive/src/mcc-tmux/node_modules/ws/lib/websocket-server.js:442:5)
    at WebSocketServer.handleUpgrade (/Volumes/Repo-Drive/src/mcc-tmux/node_modules/ws/lib/websocket-server.js:350:10)
    at handleUpgrade (/Volumes/Repo-Drive/src/mcc-tmux/packages/server/src/routes/terminal.ts:34:7)
    at Server.<anonymous> (/Volumes/Repo-Drive/src/mcc-tmux/packages/server/src/index.ts:128:3) {
  status: 1,
  signal: null,
  output: [
    null,
    <Buffer >,
    <Buffer 63 61 6e 27 74 20 66 69 6e 64 20 77 69 6e 64 6f 77 3a 20 65 6e 7a 6f 0a>
  ],
  pid: 68055,
  stdout: <Buffer >,
  stderr: <Buffer 63 61 6e 27 74 20 66 69 6e 64 20 77 69 6e 64 6f 77 3a 20 65 6e 7a 6f 0a>
}
[terminal] failed to attach to tmux window 'enzo': Error: Command failed: tmux select-window -t mcc-f636ae30:enzo
can't find window: enzo

    at genericNodeError (node:internal/errors:998:15)
    at wrappedFn (node:internal/errors:543:14)
    at checkExecSyncError (node:child_process:925:11)
    at execFileSync (node:child_process:961:15)
    at TmuxRelay.attach (/Volumes/Repo-Drive/src/mcc-tmux/packages/server/src/services/tmux-relay.ts:64:5)
    at <anonymous> (/Volumes/Repo-Drive/src/mcc-tmux/packages/server/src/routes/terminal.ts:44:25)
    at WebSocketServer.completeUpgrade (/Volumes/Repo-Drive/src/mcc-tmux/node_modules/ws/lib/websocket-server.js:442:5)
    at WebSocketServer.handleUpgrade (/Volumes/Repo-Drive/src/mcc-tmux/node_modules/ws/lib/websocket-server.js:350:10)
    at handleUpgrade (/Volumes/Repo-Drive/src/mcc-tmux/packages/server/src/routes/terminal.ts:34:7)
    at Server.<anonymous> (/Volumes/Repo-Drive/src/mcc-tmux/packages/server/src/index.ts:128:3) {
  status: 1,
  signal: null,
  output: [
    null,
    <Buffer >,
    <Buffer 63 61 6e 27 74 20 66 69 6e 64 20 77 69 6e 64 6f 77 3a 20 65 6e 7a 6f 0a>
  ],
  pid: 68092,
  stdout: <Buffer >,
  stderr: <Buffer 63 61 6e 27 74 20 66 69 6e 64 20 77 69 6e 64 6f 77 3a 20 65 6e 7a 6f 0a>
}
[terminal] failed to attach to tmux window 'enzo': Error: Command failed: tmux select-window -t mcc-579d1615:enzo
can't find window: enzo

    at genericNodeError (node:internal/errors:998:15)
    at wrappedFn (node:internal/errors:543:14)
    at checkExecSyncError (node:child_process:925:11)
    at execFileSync (node:child_process:961:15)
    at TmuxRelay.attach (/Volumes/Repo-Drive/src/mcc-tmux/packages/server/src/services/tmux-relay.ts:64:5)
    at <anonymous> (/Volumes/Repo-Drive/src/mcc-tmux/packages/server/src/routes/terminal.ts:44:25)
    at WebSocketServer.completeUpgrade (/Volumes/Repo-Drive/src/mcc-tmux/node_modules/ws/lib/websocket-server.js:442:5)
    at WebSocketServer.handleUpgrade (/Volumes/Repo-Drive/src/mcc-tmux/node_modules/ws/lib/websocket-server.js:350:10)
    at handleUpgrade (/Volumes/Repo-Drive/src/mcc-tmux/packages/server/src/routes/terminal.ts:34:7)
    at Server.<anonymous> (/Volumes/Repo-Drive/src/mcc-tmux/packages/server/src/index.ts:128:3) {
  status: 1,
  signal: null,
  output: [
    null,
    <Buffer >,
    <Buffer 63 61 6e 27 74 20 66 69 6e 64 20 77 69 6e 64 6f 77 3a 20 65 6e 7a 6f 0a>
  ],
  pid: 68129,
  stdout: <Buffer >,
  stderr: <Buffer 63 61 6e 27 74 20 66 69 6e 64 20 77 69 6e 64 6f 77 3a 20 65 6e 7a 6f 0a>
}
[terminal] failed to attach to tmux window 'enzo': Error: Command failed: tmux select-window -t mcc-49bad569:enzo
can't find window: enzo

    at genericNodeError (node:internal/errors:998:15)
    at wrappedFn (node:internal/errors:543:14)
    at checkExecSyncError (node:child_process:925:11)
    at execFileSync (node:child_process:961:15)
    at TmuxRelay.attach (/Volumes/Repo-Drive/src/mcc-tmux/packages/server/src/services/tmux-relay.ts:64:5)
    at <anonymous> (/Volumes/Repo-Drive/src/mcc-tmux/packages/server/src/routes/terminal.ts:44:25)
    at WebSocketServer.completeUpgrade (/Volumes/Repo-Drive/src/mcc-tmux/node_modules/ws/lib/websocket-server.js:442:5)
    at WebSocketServer.handleUpgrade (/Volumes/Repo-Drive/src/mcc-tmux/node_modules/ws/lib/websocket-server.js:350:10)
    at handleUpgrade (/Volumes/Repo-Drive/src/mcc-tmux/packages/server/src/routes/terminal.ts:34:7)
    at Server.<anonymous> (/Volumes/Repo-Drive/src/mcc-tmux/packages/server/src/index.ts:128:3) {
  status: 1,
  signal: null,
  output: [
    null,
    <Buffer >,
    <Buffer 63 61 6e 27 74 20 66 69 6e 64 20 77 69 6e 64 6f 77 3a 20 65 6e 7a 6f 0a>
  ],
  pid: 68168,
  stdout: <Buffer >,
  stderr: <Buffer 63 61 6e 27 74 20 66 69 6e 64 20 77 69 6e 64 6f 77 3a 20 65 6e 7a 6f 0a>
}
[terminal] failed to attach to tmux window 'enzo': Error: Command failed: tmux select-window -t mcc-445ab47f:enzo
can't find window: enzo

    at genericNodeError (node:internal/errors:998:15)
    at wrappedFn (node:internal/errors:543:14)
    at checkExecSyncError (node:child_process:925:11)
    at execFileSync (node:child_process:961:15)
    at TmuxRelay.attach (/Volumes/Repo-Drive/src/mcc-tmux/packages/server/src/services/tmux-relay.ts:64:5)
    at <anonymous> (/Volumes/Repo-Drive/src/mcc-tmux/packages/server/src/routes/terminal.ts:44:25)
    at WebSocketServer.completeUpgrade (/Volumes/Repo-Drive/src/mcc-tmux/node_modules/ws/lib/websocket-server.js:442:5)
    at WebSocketServer.handleUpgrade (/Volumes/Repo-Drive/src/mcc-tmux/node_modules/ws/lib/websocket-server.js:350:10)
    at handleUpgrade (/Volumes/Repo-Drive/src/mcc-tmux/packages/server/src/routes/terminal.ts:34:7)
    at Server.<anonymous> (/Volumes/Repo-Drive/src/mcc-tmux/packages/server/src/index.ts:128:3) {
  status: 1,
  signal: null,
  output: [
    null,
    <Buffer >,
    <Buffer 63 61 6e 27 74 20 66 69 6e 64 20 77 69 6e 64 6f 77 3a 20 65 6e 7a 6f 0a>
  ],
  pid: 74282,
  stdout: <Buffer >,
  stderr: <Buffer 63 61 6e 27 74 20 66 69 6e 64 20 77 69 6e 64 6f 77 3a 20 65 6e 7a 6f 0a>
}
[terminal] failed to attach to tmux window 'enzo': Error: Command failed: tmux select-window -t mcc-d5551488:enzo
can't find window: enzo

    at genericNodeError (node:internal/errors:998:15)
    at wrappedFn (node:internal/errors:543:14)
    at checkExecSyncError (node:child_process:925:11)
    at execFileSync (node:child_process:961:15)
    at TmuxRelay.attach (/Volumes/Repo-Drive/src/mcc-tmux/packages/server/src/services/tmux-relay.ts:64:5)
    at <anonymous> (/Volumes/Repo-Drive/src/mcc-tmux/packages/server/src/routes/terminal.ts:44:25)
    at WebSocketServer.completeUpgrade (/Volumes/Repo-Drive/src/mcc-tmux/node_modules/ws/lib/websocket-server.js:442:5)
    at WebSocketServer.handleUpgrade (/Volumes/Repo-Drive/src/mcc-tmux/node_modules/ws/lib/websocket-server.js:350:10)
    at handleUpgrade (/Volumes/Repo-Drive/src/mcc-tmux/packages/server/src/routes/terminal.ts:34:7)
    at Server.<anonymous> (/Volumes/Repo-Drive/src/mcc-tmux/packages/server/src/index.ts:128:3) {
  status: 1,
  signal: null,
  output: [
    null,
    <Buffer >,
    <Buffer 63 61 6e 27 74 20 66 69 6e 64 20 77 69 6e 64 6f 77 3a 20 65 6e 7a 6f 0a>
  ],
  pid: 74319,
  stdout: <Buffer >,
  stderr: <Buffer 63 61 6e 27 74 20 66 69 6e 64 20 77 69 6e 64 6f 77 3a 20 65 6e 7a 6f 0a>
}
[Server] Shutting down...
[Server] Shutting down...
6:02:58 PM [tsx] Process didn't exit in 5s. Force killing...
